
VFB Knowledge Base Empty Folder Detector - Workflow Report
Generated: 2026-03-03 19:25:16

SUMMARY
=======

Total folders tested: 0
Empty folders found: 0

EMPTY FOLDERS DETECTED
======================

Brain (VFB_00101567):
  (none)


VNC (VFB_00200000):
  (none)


NEXT STEPS
==========

1. Review the generated CYPHER statements:
   cat cypher_block_updates.cypher

2. Connect to writable KB instance:
   - Access Neo4j Browser
   - Provide credentials to write KB admin

3. Execute CYPHER statements:
   - Copy each statement from the file
   - Paste into Neo4j Browser
   - Execute in a transaction

4. Verify updates:
   MATCH (r:in_register_with)
   WHERE r.block = ['No expression in region']
   RETURN COUNT(r) as blocked_count

DETECTION CRITERIA
==================

Empty folder determination based on volume.wlz file size:
  - Brain (VFB_00101567): < 10 KB threshold
  - VNC (VFB_00200000): < 4 KB threshold

Files marked as empty indicate template-only registrations
with no actual expression data.

OUTPUT FILES
============

cypher_block_updates.cypher - Ready-to-execute CYPHER statements
kb_workflow_report.txt      - This report

For more details, see:
  - KB_INTEGRATION_README.md
  - KB_INTEGRATION_GUIDE.md
  - batch_test_folders.py --help
